// Jest Snapshot v1, https://goo.gl/fbAQLP

exports[`AccountsList matches Jest snapshot 1`] = `
<Fragment>
  <AccountsListItem
    account={
      Object {
        "_id": "2016-04-24T20:47:37.374Z",
        "_rev": "2-8c6e36eddfb9990c199546ad267cfd61",
        "company": "Santander Banks",
        "name": "Santander Checkings",
        "type": "bank",
      }
    }
    key="2016-04-24T20:47:37.374Z"
  />
  <AccountsListItem
    account={
      Object {
        "_id": "2016-02-24T07:01:24.948Z",
        "_rev": "13-2bfa9371e269957dcbf2946c1cdd6cd5",
        "company": "MasterCard",
        "name": "Chase Freedom",
        "type": "creditcard",
      }
    }
    key="2016-02-24T07:01:24.948Z"
  />
  <AccountsListItem
    account={
      Object {
        "_id": "2016-03-24T08:10:58.232Z",
        "_rev": "14-57184e4f5b50323eeeb6a919faf1af48",
        "company": "Bank of America",
        "name": "BofA Checkings",
        "type": "bank",
      }
    }
    key="2016-03-24T08:10:58.232Z"
  />
</Fragment>
`;
