// Jest Snapshot v1, https://goo.gl/fbAQLP

exports[`ManageAccounts has an ManageAccounts component with props 1`] = `
<Modal
  closable={true}
  confirmLoading={false}
  footer={
    Array [
      <Button
        ghost={false}
        loading={false}
        onClick={undefined}
        prefixCls="ant-btn"
        size="large"
      >
        Close
      </Button>,
    ]
  }
  id="ManageAccounts"
  maskClosable={false}
  maskTransitionName="fade"
  okType="primary"
  prefixCls="ant-modal"
  title="Manage Accounts"
  transitionName="zoom"
  visible={true}
  width={520}
>
  <Row
    gutter={0}
  >
    <Col
      span={16}
    >
      <AddAccount />
      <AccountsList
        accounts={
          Array [
            Object {
              "_id": "2016-04-24T20:47:37.374Z",
              "_rev": "2-8c6e36eddfb9990c199546ad267cfd61",
              "company": "Santander Banks",
              "name": "Santander Checkings",
              "type": "bank",
            },
            Object {
              "_id": "2016-02-24T07:01:24.948Z",
              "_rev": "13-2bfa9371e269957dcbf2946c1cdd6cd5",
              "company": "MasterCard",
              "name": "Chase Freedom",
              "type": "creditcard",
            },
            Object {
              "_id": "2016-03-24T08:10:58.232Z",
              "_rev": "14-57184e4f5b50323eeeb6a919faf1af48",
              "company": "Bank of America",
              "name": "BofA Checkings",
              "type": "bank",
            },
          ]
        }
      />
    </Col>
    <Col
      span={8}
      style={
        Object {
          "padding": "0 12px",
        }
      }
    >
      <ul>
        <li>
          2
           Bank accounts
        </li>
        <li>
          1
           Credit card accounts
        </li>
      </ul>
    </Col>
  </Row>
</Modal>
`;
